// Jest Snapshot v1, https://goo.gl/fbAQLP

exports[`render one expense item number 2 1`] = `
<div>
  <Link
    replace={false}
    to="/edit/2"
  >
    <h3>
      Rent
    </h3>
  </Link>
  <p>
    $1095
     - 
    -345600000
  </p>
</div>
`;
