// Jest Snapshot v1, https://goo.gl/fbAQLP

exports[`ExpenseSummary Display with 3 expenses 1`] = `undefined`;
