// Jest Snapshot v1, https://goo.gl/fbAQLP

exports[`login page snapshot test 1`] = `
<div>
  <p>
    Expensify Login..
  </p>
  <button>
    Login
  </button>
</div>
`;
